目标: C:\Users\zz\WorkBuddy\2026-10-06-23-01-41\adb_bridge_rs\target\release\adb_bridge_rs.exe
端口: 15555   设备: b57290249a9b3206
轮数: 30（从第 1 轮开始）

[  1] OK   启动 2.72s  功能 2.59s  停止 0.01s  释放 0.00s  残留进程 0  | 等设备 1.3s state=device mark=ROUND_OK-PROBE dev=luckfox
[  2] OK   启动 0.52s  功能 2.57s  停止 0.00s  释放 0.00s  残留进程 0  | 等设备 1.3s state=device mark=ROUND_OK-PROBE dev=luckfox
[  3] OK   启动 0.51s  功能 2.29s  停止 0.00s  释放 0.00s  残留进程 0  | 等设备 1.1s state=device mark=ROUND_OK-PROBE dev=luckfox
[  4] OK   启动 1.02s  功能 2.70s  停止 0.00s  释放 0.00s  残留进程 0  | 等设备 1.4s state=device mark=ROUND_OK-PROBE dev=luckfox
[  5] OK   启动 0.51s  功能 2.77s  停止 0.00s  释放 0.00s  残留进程 0  | 等设备 1.5s state=device mark=ROUND_OK-PROBE dev=luckfox
[  6] OK   启动 0.51s  功能 2.21s  停止 0.00s  释放 0.00s  残留进程 0  | 等设备 1.1s state=device mark=ROUND_OK-PROBE dev=luckfox
[  7] OK   启动 1.01s  功能 2.32s  停止 0.00s  释放 0.00s  残留进程 0  | 等设备 1.1s state=device mark=ROUND_OK-PROBE dev=luckfox
[  8] OK   启动 0.51s  功能 2.70s  停止 0.00s  释放 0.00s  残留进程 0  | 等设备 1.4s state=device mark=ROUND_OK-PROBE dev=luckfox
[  9] OK   启动 0.51s  功能 2.63s  停止 0.01s  释放 0.00s  残留进程 0  | 等设备 1.4s state=device mark=ROUND_OK-PROBE dev=luckfox
[ 10] OK   启动 0.52s  功能 2.27s  停止 0.00s  释放 0.00s  残留进程 0  | 等设备 1.1s state=device mark=ROUND_OK-PROBE dev=luckfox
[ 11] OK   启动 0.51s  功能 2.63s  停止 0.00s  释放 0.00s  残留进程 0  | 等设备 1.4s state=device mark=ROUND_OK-PROBE dev=luckfox
[ 12] OK   启动 0.51s  功能 2.76s  停止 0.00s  释放 0.00s  残留进程 0  | 等设备 1.5s state=device mark=ROUND_OK-PROBE dev=luckfox
[ 13] OK   启动 0.52s  功能 2.33s  停止 0.00s  释放 0.00s  残留进程 0  | 等设备 1.2s state=device mark=ROUND_OK-PROBE dev=luckfox
[ 14] OK   启动 0.51s  功能 2.34s  停止 0.01s  释放 0.00s  残留进程 0  | 等设备 1.2s state=device mark=ROUND_OK-PROBE dev=luckfox
[ 15] OK   启动 1.02s  功能 2.82s  停止 0.00s  释放 0.00s  残留进程 0  | 等设备 1.5s state=device mark=ROUND_OK-PROBE dev=luckfox
[ 16] OK   启动 0.51s  功能 2.69s  停止 0.01s  释放 0.00s  残留进程 0  | 等设备 1.4s state=device mark=ROUND_OK-PROBE dev=luckfox
[ 17] OK   启动 0.51s  功能 2.33s  停止 0.01s  释放 0.00s  残留进程 0  | 等设备 1.1s state=device mark=ROUND_OK-PROBE dev=luckfox
[ 18] OK   启动 0.51s  功能 2.40s  停止 0.01s  释放 0.00s  残留进程 0  | 等设备 1.1s state=device mark=ROUND_OK-PROBE dev=luckfox
[ 19] OK   启动 0.51s  功能 2.87s  停止 0.01s  释放 0.00s  残留进程 0  | 等设备 1.6s state=device mark=ROUND_OK-PROBE dev=luckfox
[ 20] OK   启动 1.01s  功能 2.34s  停止 0.01s  释放 0.00s  残留进程 0  | 等设备 1.2s state=device mark=ROUND_OK-PROBE dev=luckfox
[ 21] OK   启动 1.02s  功能 2.37s  停止 0.00s  释放 0.00s  残留进程 0  | 等设备 1.1s state=device mark=ROUND_OK-PROBE dev=luckfox
[ 22] OK   启动 0.51s  功能 3.18s  停止 0.01s  释放 0.00s  残留进程 0  | 等设备 1.9s state=device mark=ROUND_OK-PROBE dev=luckfox
[ 23] OK   启动 0.51s  功能 2.75s  停止 0.00s  释放 0.00s  残留进程 0  | 等设备 1.5s state=device mark=ROUND_OK-PROBE dev=luckfox
[ 24] OK   启动 0.51s  功能 2.46s  停止 0.01s  释放 0.00s  残留进程 0  | 等设备 1.2s state=device mark=ROUND_OK-PROBE dev=luckfox
[ 25] OK   启动 0.51s  功能 2.59s  停止 0.00s  释放 0.00s  残留进程 0  | 等设备 1.2s state=device mark=ROUND_OK-PROBE dev=luckfox
[ 26] OK   启动 0.51s  功能 2.67s  停止 0.00s  释放 0.00s  残留进程 0  | 等设备 1.4s state=device mark=ROUND_OK-PROBE dev=luckfox
[ 27] OK   启动 0.51s  功能 2.38s  停止 0.00s  释放 0.00s  残留进程 0  | 等设备 1.1s state=device mark=ROUND_OK-PROBE dev=luckfox
[ 28] OK   启动 0.51s  功能 2.32s  停止 0.00s  释放 0.00s  残留进程 0  | 等设备 1.1s state=device mark=ROUND_OK-PROBE dev=luckfox
[ 29] OK   启动 0.51s  功能 2.48s  停止 0.00s  释放 0.00s  残留进程 0  | 等设备 1.2s state=device mark=ROUND_OK-PROBE dev=luckfox
[ 30] OK   启动 0.51s  功能 2.68s  停止 0.00s  释放 0.00s  残留进程 0  | 等设备 1.4s state=device mark=ROUND_OK-PROBE dev=luckfox

================ 汇总 ================
总轮数   30
完全通过 30  (100.0%)
启动失败 0
功能失败 0
端口未释放 0
进程残留 0

启动耗时 min/avg/max = 0.51 / 0.67 / 2.72 s
单轮功能耗时 avg     = 2.55 s
停止耗时 min/avg/max = 0.00 / 0.01 / 0.01 s
=====================================
